ASMHEAD                         = 9120, G: 
ASMSIZE                         = 5180, G: 
ASMTAIL                         = E2A0, G: 
alto                            = 9126, L: testspritechip_asm
altoactual                      = 9131, L: testspritechip_asm
ancho                           = 9124, L: testspritechip_asm
anchoactual                     = 912D, L: testspritechip_asm
atributosprite2                 = 9A1E, L: testspritechip_asm
atributosprite                  = 912A, L: testspritechip_asm
boss_incremento_x               = 9DD4, L: testspritechip_asm
boss_x                          = 9DD0, L: testspritechip_asm
boss_y                          = 9DD2, L: testspritechip_asm
bucle1                          = 9143, L: testspritechip_asm
bucle2                          = 914F, L: testspritechip_asm
bucle                           = 919C, L: testspritechip_asm
buf_color                       = 985D, L: testspritechip_asm
buf_colour_type                 = 9860, L: testspritechip_asm
buf_palette                     = 9862, L: testspritechip_asm
buf_parametro_scroll            = 9726, L: testspritechip_asm
cambio_color2                   = 92B5, L: testspritechip_asm
cambio_color3                   = 92C2, L: testspritechip_asm
cambio_color                    = 92A6, L: testspritechip_asm
cambiocolor_si_incrementa2      = 99D3, L: testspritechip_asm
cambiocolor_si_incrementa       = 99C4, L: testspritechip_asm
cambiocolor_sprite1             = 9982, L: testspritechip_asm
cambiocolor_sprite2             = 9987, L: testspritechip_asm
cambiocolor_sprite3             = 998D, L: testspritechip_asm
cambiocolor_sprite4             = 9990, L: testspritechip_asm
cambiocolor_sprite              = 9878, L: testspritechip_asm
cambiocolor_sprite_err          = 9864, L: testspritechip_asm
cambiocolor_sprite_i            = 9972, L: testspritechip_asm
cambiocolor_sprite_no_i         = 9964, L: testspritechip_asm
cambiocolor_sprite_pide_paleta  = 98C4, L: testspritechip_asm
cambiocolor_sprite_pide_paleta_sigue = 991A, L: testspritechip_asm
cambiocolor_sprite_sicero2      = 99AE, L: testspritechip_asm
cambiocolor_sprite_sicero3      = 99AF, L: testspritechip_asm
cambiocolor_sprite_sicero       = 99A0, L: testspritechip_asm
conmutar_incremento_zoom        = 96AB, L: testspritechip_asm
conmutar_incremento_zoom_8      = 96B8, L: testspritechip_asm
conmutar_incremento_zoom_negativo = 96BC, L: testspritechip_asm
conmutar_incremento_zoom_negativo_8 = 96C5, L: testspritechip_asm
convert000                      = 9224, L: testspritechip_asm
convert00                       = 922A, L: testspritechip_asm
convert0                        = 922C, L: testspritechip_asm
convert1                        = 9232, L: testspritechip_asm
convert_nocol1                  = 923E, L: testspritechip_asm
convert_nocol2                  = 924B, L: testspritechip_asm
espera_no_tecla                 = 99F7, L: testspritechip_asm
espera_tecla                    = 99FF, L: testspritechip_asm
establece_color                 = 929B, L: testspritechip_asm
establece_sprite_incrementar_y  = 9A17, L: testspritechip_asm
establecesprite                 = 9133, L: testspritechip_asm
establecesprite_y_scroll        = 9A86, L: testspritechip_asm
flag_cambio                     = 91FC, L: testspritechip_asm
incremento_color                = 92BF, L: testspritechip_asm
incremento_hl_y_mete_atr2       = 9A26, L: testspritechip_asm
incremento_sonic_saltar_aux     = 9D29, L: testspritechip_asm
incremento_x_sprite             = 92C7, L: testspritechip_asm
incremento_y_sprite             = 92C9, L: testspritechip_asm
incrementox                     = 9194, L: testspritechip_asm
incrementoy                     = 9196, L: testspritechip_asm
input_text00                    = 96E2, L: testspritechip_asm
input_text0                     = 96EC, L: testspritechip_asm
input_text1                     = 96EF, L: testspritechip_asm
input_text                      = 96E0, L: testspritechip_asm
input_text_no12                 = 9712, L: testspritechip_asm
input_text_no13                 = 96FF, L: testspritechip_asm
lee_todas_teclas                = 9A07, L: testspritechip_asm
llenar_pantalla_caracteres_inc2 = 92D0, L: testspritechip_asm
llenar_pantalla_caracteres_inc3 = 92DA, L: testspritechip_asm
llenar_pantalla_caracteres_inc  = 92CE, L: testspritechip_asm
meter_atributos_sprite          = 9A1F, L: testspritechip_asm
mover_sprite_boss               = 9DA7, L: testspritechip_asm
mover_sprite_boss_conmutar      = 9DBA, L: testspritechip_asm
moversprites                    = 9540, L: testspritechip_asm
moversprites_espera             = 9543, L: testspritechip_asm
moversprites_inicio2            = 953A, L: testspritechip_asm
moversprites_inicio             = 92CB, L: testspritechip_asm
moversprites_texto_inicio       = 92E0, L: testspritechip_asm
notecla_a                       = 956A, L: testspritechip_asm
notecla_c                       = 95C1, L: testspritechip_asm
notecla_d                       = 964F, L: testspritechip_asm
notecla_e                       = 96A3, L: testspritechip_asm
notecla_espacio                 = 9573, L: testspritechip_asm
notecla_f                       = 95AD, L: testspritechip_asm
notecla_k                       = 965F, L: testspritechip_asm
notecla_l                       = 966F, L: testspritechip_asm
notecla_m                       = 9639, L: testspritechip_asm
notecla_n                       = 9619, L: testspritechip_asm
notecla_o                       = 9586, L: testspritechip_asm
notecla_p                       = 959A, L: testspritechip_asm
notecla_q                       = 9556, L: testspritechip_asm
notecla_r                       = 9644, L: testspritechip_asm
notecla_s                       = 968F, L: testspritechip_asm
notecla_w                       = 967F, L: testspritechip_asm
notecla_x                       = 95DD, L: testspritechip_asm
notecla_y                       = 95F9, L: testspritechip_asm
noxcero                         = 91BF, L: testspritechip_asm
noycero                         = 91E1, L: testspritechip_asm
pregunta_parametros_scroll      = 972A, L: testspritechip_asm
print_text1                     = 96D1, L: testspritechip_asm
print_text                      = 96CC, L: testspritechip_asm
print_text_hl                   = 96CA, L: testspritechip_asm
print_textfin                   = 96DA, L: testspritechip_asm
rebotar_pelota                  = 9198, L: testspritechip_asm
reset_last_key                  = 96A6, L: testspritechip_asm
retorna_de_incremento_x         = 9A0D, L: testspritechip_asm
retorna_de_incremento_y         = 9A12, L: testspritechip_asm
rutina_atoi2                    = 99E4, L: testspritechip_asm
rutina_atoi                     = 99DA, L: testspritechip_asm
rutina_atoi_buc                 = 99DD, L: testspritechip_asm
scroll_alto                     = 9A4C, L: testspritechip_asm
scroll_ancho                    = 9A4B, L: testspritechip_asm
scroll_pixeles                  = 9A4D, L: testspritechip_asm
scroll_relleno                  = 9A4E, L: testspritechip_asm
scroll_tipo                     = 9A4F, L: testspritechip_asm
scroll_wait_finish              = 9A3C, L: testspritechip_asm
scroll_wait_finish_buc          = 9A44, L: testspritechip_asm
scroll_x                        = 9A49, L: testspritechip_asm
scroll_y                        = 9A4A, L: testspritechip_asm
send_command_spritechip         = 9A33, L: testspritechip_asm
send_parameters_scroll          = 9A50, L: testspritechip_asm
siguebuc                        = 91EC, L: testspritechip_asm
siguey                          = 91CA, L: testspritechip_asm
sonic_agachar                   = 9D81, L: testspritechip_asm
sonic_agachar_buc               = 9D8C, L: testspritechip_asm
sonic_agachar_fin               = 9D9B, L: testspritechip_asm
sonic_andando_buc               = 9B95, L: testspritechip_asm
sonic_andando_buc_fin           = 9BBD, L: testspritechip_asm
sonic_andando_buc_speed0        = 9BBB, L: testspritechip_asm
sonic_andando_inicio            = 9B83, L: testspritechip_asm
sonic_andando_reiniciar_paso    = 9B8B, L: testspritechip_asm
sonic_background                = E2A0, L: testspritechip_asm
sonic_boss                      = D618, L: testspritechip_asm
sonic_jumping_pass              = 9DCA, L: testspritechip_asm
sonic_lee_no_tecla_a            = 9B2D, L: testspritechip_asm
sonic_lee_no_tecla_espacio      = 9B13, L: testspritechip_asm
sonic_lee_no_tecla_p            = 9B58, L: testspritechip_asm
sonic_lee_no_tecla_q            = 9B20, L: testspritechip_asm
sonic_lee_tecla                 = 9B04, L: testspritechip_asm
sonic_reset_current_sprite      = 9BF6, L: testspritechip_asm
sonic_return_current_sprite     = 9C47, L: testspritechip_asm
sonic_return_current_sprite_jumping_no1 = 9C94, L: testspritechip_asm
sonic_return_current_sprite_jumping_no2 = 9C9C, L: testspritechip_asm
sonic_return_current_sprite_jumping_no3 = 9CA4, L: testspritechip_asm
sonic_return_current_sprite_no_jumping = 9CA8, L: testspritechip_asm
sonic_return_current_sprite_no_running = 9C85, L: testspritechip_asm
sonic_return_current_sprite_no_stopped = 9C52, L: testspritechip_asm
sonic_return_current_sprite_walking_no1 = 9C61, L: testspritechip_asm
sonic_return_current_sprite_walking_no2 = 9C69, L: testspritechip_asm
sonic_return_current_sprite_walking_no3 = 9C71, L: testspritechip_asm
sonic_return_current_sprite_walking_no4 = 9C79, L: testspritechip_asm
sonic_return_current_sprite_walking_no5 = 9C81, L: testspritechip_asm
sonic_saltando_siguiente2       = 9D7D, L: testspritechip_asm
sonic_saltando_siguiente        = 9D73, L: testspritechip_asm
sonic_saltar                    = 9CE5, L: testspritechip_asm
sonic_saltar_aux                = 9D2B, L: testspritechip_asm
sonic_saltar_subiendo2          = 9D51, L: testspritechip_asm
sonic_saltar_subiendo           = 9D33, L: testspritechip_asm
sonic_set_current_sprite2       = 9C08, L: testspritechip_asm
sonic_set_current_sprite        = 9C00, L: testspritechip_asm
sonic_set_sprite_boss           = 9CBB, L: testspritechip_asm
sonic_speed                     = 9DCB, L: testspritechip_asm
sonic_state                     = 9DC8, L: testspritechip_asm
sonic_wait2                     = 9CB6, L: testspritechip_asm
sonic_wait                      = 9CAC, L: testspritechip_asm
sonic_wait_and_scroll           = 9BC8, L: testspritechip_asm
sonic_wait_and_scroll_izquierda = 9BE5, L: testspritechip_asm
sonic_walking_pass              = 9DC9, L: testspritechip_asm
sonic_x                         = 9DCC, L: testspritechip_asm
sonic_y                         = 9DCE, L: testspritechip_asm
sonicdemo                       = 9A8D, L: testspritechip_asm
sonicdemo_init_sprite_table     = 9C2A, L: testspritechip_asm
spr_alto                        = 91F9, L: testspritechip_asm
spr_ancho                       = 91F7, L: testspritechip_asm
spr_color                       = 9204, L: testspritechip_asm
spr_color_orig                  = 91FB, L: testspritechip_asm
spr_color_rotado                = 9201, L: testspritechip_asm
spr_contador_alto               = 91FF, L: testspritechip_asm
spr_contador_ancho              = 91FD, L: testspritechip_asm
spr_sonic_agachado1             = D168, L: testspritechip_asm
spr_sonic_rolling1              = BEA8, L: testspritechip_asm
spr_sonic_rolling2              = C358, L: testspritechip_asm
spr_sonic_rolling3              = C808, L: testspritechip_asm
spr_sonic_rolling4              = CCB8, L: testspritechip_asm
spr_sonic_stopped1              = B9F8, L: testspritechip_asm
spr_sonic_walking1              = 9DD8, L: testspritechip_asm
spr_sonic_walking2              = A288, L: testspritechip_asm
spr_sonic_walking3              = A738, L: testspritechip_asm
spr_sonic_walking4              = ABE8, L: testspritechip_asm
spr_sonic_walking5              = B098, L: testspritechip_asm
spr_sonic_walking6              = B548, L: testspritechip_asm
sprite_dest                     = 91F5, L: testspritechip_asm
sprite_orig                     = 91F3, L: testspritechip_asm
sprite_orig_trabajo             = 9202, L: testspritechip_asm
sprites                         = 9128, L: testspritechip_asm
spritesonic                     = 9DC8, L: testspritechip_asm
tabla_sprites                   = 9DD6, L: testspritechip_asm
velocidad_maxima                = 0007, L: testspritechip_asm
xactual                         = 912B, L: testspritechip_asm
xinicial                        = 9120, L: testspritechip_asm
yactual                         = 912F, L: testspritechip_asm
yinicial                        = 9122, L: testspritechip_asm


velocidad_maxima                = 0007, L: testspritechip_asm
ASMSIZE                         = 5180, G: 
ASMHEAD                         = 9120, G: 
xinicial                        = 9120, L: testspritechip_asm
yinicial                        = 9122, L: testspritechip_asm
ancho                           = 9124, L: testspritechip_asm
alto                            = 9126, L: testspritechip_asm
sprites                         = 9128, L: testspritechip_asm
atributosprite                  = 912A, L: testspritechip_asm
xactual                         = 912B, L: testspritechip_asm
anchoactual                     = 912D, L: testspritechip_asm
yactual                         = 912F, L: testspritechip_asm
altoactual                      = 9131, L: testspritechip_asm
establecesprite                 = 9133, L: testspritechip_asm
bucle1                          = 9143, L: testspritechip_asm
bucle2                          = 914F, L: testspritechip_asm
incrementox                     = 9194, L: testspritechip_asm
incrementoy                     = 9196, L: testspritechip_asm
rebotar_pelota                  = 9198, L: testspritechip_asm
bucle                           = 919C, L: testspritechip_asm
noxcero                         = 91BF, L: testspritechip_asm
siguey                          = 91CA, L: testspritechip_asm
noycero                         = 91E1, L: testspritechip_asm
siguebuc                        = 91EC, L: testspritechip_asm
sprite_orig                     = 91F3, L: testspritechip_asm
sprite_dest                     = 91F5, L: testspritechip_asm
spr_ancho                       = 91F7, L: testspritechip_asm
spr_alto                        = 91F9, L: testspritechip_asm
spr_color_orig                  = 91FB, L: testspritechip_asm
flag_cambio                     = 91FC, L: testspritechip_asm
spr_contador_ancho              = 91FD, L: testspritechip_asm
spr_contador_alto               = 91FF, L: testspritechip_asm
spr_color_rotado                = 9201, L: testspritechip_asm
sprite_orig_trabajo             = 9202, L: testspritechip_asm
spr_color                       = 9204, L: testspritechip_asm
convert000                      = 9224, L: testspritechip_asm
convert00                       = 922A, L: testspritechip_asm
convert0                        = 922C, L: testspritechip_asm
convert1                        = 9232, L: testspritechip_asm
convert_nocol1                  = 923E, L: testspritechip_asm
convert_nocol2                  = 924B, L: testspritechip_asm
establece_color                 = 929B, L: testspritechip_asm
cambio_color                    = 92A6, L: testspritechip_asm
cambio_color2                   = 92B5, L: testspritechip_asm
incremento_color                = 92BF, L: testspritechip_asm
cambio_color3                   = 92C2, L: testspritechip_asm
incremento_x_sprite             = 92C7, L: testspritechip_asm
incremento_y_sprite             = 92C9, L: testspritechip_asm
moversprites_inicio             = 92CB, L: testspritechip_asm
llenar_pantalla_caracteres_inc  = 92CE, L: testspritechip_asm
llenar_pantalla_caracteres_inc2 = 92D0, L: testspritechip_asm
llenar_pantalla_caracteres_inc3 = 92DA, L: testspritechip_asm
moversprites_texto_inicio       = 92E0, L: testspritechip_asm
moversprites_inicio2            = 953A, L: testspritechip_asm
moversprites                    = 9540, L: testspritechip_asm
moversprites_espera             = 9543, L: testspritechip_asm
notecla_q                       = 9556, L: testspritechip_asm
notecla_a                       = 956A, L: testspritechip_asm
notecla_espacio                 = 9573, L: testspritechip_asm
notecla_o                       = 9586, L: testspritechip_asm
notecla_p                       = 959A, L: testspritechip_asm
notecla_f                       = 95AD, L: testspritechip_asm
notecla_c                       = 95C1, L: testspritechip_asm
notecla_x                       = 95DD, L: testspritechip_asm
notecla_y                       = 95F9, L: testspritechip_asm
notecla_n                       = 9619, L: testspritechip_asm
notecla_m                       = 9639, L: testspritechip_asm
notecla_r                       = 9644, L: testspritechip_asm
notecla_d                       = 964F, L: testspritechip_asm
notecla_k                       = 965F, L: testspritechip_asm
notecla_l                       = 966F, L: testspritechip_asm
notecla_w                       = 967F, L: testspritechip_asm
notecla_s                       = 968F, L: testspritechip_asm
notecla_e                       = 96A3, L: testspritechip_asm
reset_last_key                  = 96A6, L: testspritechip_asm
conmutar_incremento_zoom        = 96AB, L: testspritechip_asm
conmutar_incremento_zoom_8      = 96B8, L: testspritechip_asm
conmutar_incremento_zoom_negativo = 96BC, L: testspritechip_asm
conmutar_incremento_zoom_negativo_8 = 96C5, L: testspritechip_asm
print_text_hl                   = 96CA, L: testspritechip_asm
print_text                      = 96CC, L: testspritechip_asm
print_text1                     = 96D1, L: testspritechip_asm
print_textfin                   = 96DA, L: testspritechip_asm
input_text                      = 96E0, L: testspritechip_asm
input_text00                    = 96E2, L: testspritechip_asm
input_text0                     = 96EC, L: testspritechip_asm
input_text1                     = 96EF, L: testspritechip_asm
input_text_no13                 = 96FF, L: testspritechip_asm
input_text_no12                 = 9712, L: testspritechip_asm
buf_parametro_scroll            = 9726, L: testspritechip_asm
pregunta_parametros_scroll      = 972A, L: testspritechip_asm
buf_color                       = 985D, L: testspritechip_asm
buf_colour_type                 = 9860, L: testspritechip_asm
buf_palette                     = 9862, L: testspritechip_asm
cambiocolor_sprite_err          = 9864, L: testspritechip_asm
cambiocolor_sprite              = 9878, L: testspritechip_asm
cambiocolor_sprite_pide_paleta  = 98C4, L: testspritechip_asm
cambiocolor_sprite_pide_paleta_sigue = 991A, L: testspritechip_asm
cambiocolor_sprite_no_i         = 9964, L: testspritechip_asm
cambiocolor_sprite_i            = 9972, L: testspritechip_asm
cambiocolor_sprite1             = 9982, L: testspritechip_asm
cambiocolor_sprite2             = 9987, L: testspritechip_asm
cambiocolor_sprite3             = 998D, L: testspritechip_asm
cambiocolor_sprite4             = 9990, L: testspritechip_asm
cambiocolor_sprite_sicero       = 99A0, L: testspritechip_asm
cambiocolor_sprite_sicero2      = 99AE, L: testspritechip_asm
cambiocolor_sprite_sicero3      = 99AF, L: testspritechip_asm
cambiocolor_si_incrementa       = 99C4, L: testspritechip_asm
cambiocolor_si_incrementa2      = 99D3, L: testspritechip_asm
rutina_atoi                     = 99DA, L: testspritechip_asm
rutina_atoi_buc                 = 99DD, L: testspritechip_asm
rutina_atoi2                    = 99E4, L: testspritechip_asm
espera_no_tecla                 = 99F7, L: testspritechip_asm
espera_tecla                    = 99FF, L: testspritechip_asm
lee_todas_teclas                = 9A07, L: testspritechip_asm
retorna_de_incremento_x         = 9A0D, L: testspritechip_asm
retorna_de_incremento_y         = 9A12, L: testspritechip_asm
establece_sprite_incrementar_y  = 9A17, L: testspritechip_asm
atributosprite2                 = 9A1E, L: testspritechip_asm
meter_atributos_sprite          = 9A1F, L: testspritechip_asm
incremento_hl_y_mete_atr2       = 9A26, L: testspritechip_asm
send_command_spritechip         = 9A33, L: testspritechip_asm
scroll_wait_finish              = 9A3C, L: testspritechip_asm
scroll_wait_finish_buc          = 9A44, L: testspritechip_asm
scroll_x                        = 9A49, L: testspritechip_asm
scroll_y                        = 9A4A, L: testspritechip_asm
scroll_ancho                    = 9A4B, L: testspritechip_asm
scroll_alto                     = 9A4C, L: testspritechip_asm
scroll_pixeles                  = 9A4D, L: testspritechip_asm
scroll_relleno                  = 9A4E, L: testspritechip_asm
scroll_tipo                     = 9A4F, L: testspritechip_asm
send_parameters_scroll          = 9A50, L: testspritechip_asm
establecesprite_y_scroll        = 9A86, L: testspritechip_asm
sonicdemo                       = 9A8D, L: testspritechip_asm
sonic_lee_tecla                 = 9B04, L: testspritechip_asm
sonic_lee_no_tecla_espacio      = 9B13, L: testspritechip_asm
sonic_lee_no_tecla_q            = 9B20, L: testspritechip_asm
sonic_lee_no_tecla_a            = 9B2D, L: testspritechip_asm
sonic_lee_no_tecla_p            = 9B58, L: testspritechip_asm
sonic_andando_inicio            = 9B83, L: testspritechip_asm
sonic_andando_reiniciar_paso    = 9B8B, L: testspritechip_asm
sonic_andando_buc               = 9B95, L: testspritechip_asm
sonic_andando_buc_speed0        = 9BBB, L: testspritechip_asm
sonic_andando_buc_fin           = 9BBD, L: testspritechip_asm
sonic_wait_and_scroll           = 9BC8, L: testspritechip_asm
sonic_wait_and_scroll_izquierda = 9BE5, L: testspritechip_asm
sonic_reset_current_sprite      = 9BF6, L: testspritechip_asm
sonic_set_current_sprite        = 9C00, L: testspritechip_asm
sonic_set_current_sprite2       = 9C08, L: testspritechip_asm
sonicdemo_init_sprite_table     = 9C2A, L: testspritechip_asm
sonic_return_current_sprite     = 9C47, L: testspritechip_asm
sonic_return_current_sprite_no_stopped = 9C52, L: testspritechip_asm
sonic_return_current_sprite_walking_no1 = 9C61, L: testspritechip_asm
sonic_return_current_sprite_walking_no2 = 9C69, L: testspritechip_asm
sonic_return_current_sprite_walking_no3 = 9C71, L: testspritechip_asm
sonic_return_current_sprite_walking_no4 = 9C79, L: testspritechip_asm
sonic_return_current_sprite_walking_no5 = 9C81, L: testspritechip_asm
sonic_return_current_sprite_no_running = 9C85, L: testspritechip_asm
sonic_return_current_sprite_jumping_no1 = 9C94, L: testspritechip_asm
sonic_return_current_sprite_jumping_no2 = 9C9C, L: testspritechip_asm
sonic_return_current_sprite_jumping_no3 = 9CA4, L: testspritechip_asm
sonic_return_current_sprite_no_jumping = 9CA8, L: testspritechip_asm
sonic_wait                      = 9CAC, L: testspritechip_asm
sonic_wait2                     = 9CB6, L: testspritechip_asm
sonic_set_sprite_boss           = 9CBB, L: testspritechip_asm
sonic_saltar                    = 9CE5, L: testspritechip_asm
incremento_sonic_saltar_aux     = 9D29, L: testspritechip_asm
sonic_saltar_aux                = 9D2B, L: testspritechip_asm
sonic_saltar_subiendo           = 9D33, L: testspritechip_asm
sonic_saltar_subiendo2          = 9D51, L: testspritechip_asm
sonic_saltando_siguiente        = 9D73, L: testspritechip_asm
sonic_saltando_siguiente2       = 9D7D, L: testspritechip_asm
sonic_agachar                   = 9D81, L: testspritechip_asm
sonic_agachar_buc               = 9D8C, L: testspritechip_asm
sonic_agachar_fin               = 9D9B, L: testspritechip_asm
mover_sprite_boss               = 9DA7, L: testspritechip_asm
mover_sprite_boss_conmutar      = 9DBA, L: testspritechip_asm
sonic_state                     = 9DC8, L: testspritechip_asm
spritesonic                     = 9DC8, L: testspritechip_asm
sonic_walking_pass              = 9DC9, L: testspritechip_asm
sonic_jumping_pass              = 9DCA, L: testspritechip_asm
sonic_speed                     = 9DCB, L: testspritechip_asm
sonic_x                         = 9DCC, L: testspritechip_asm
sonic_y                         = 9DCE, L: testspritechip_asm
boss_x                          = 9DD0, L: testspritechip_asm
boss_y                          = 9DD2, L: testspritechip_asm
boss_incremento_x               = 9DD4, L: testspritechip_asm
tabla_sprites                   = 9DD6, L: testspritechip_asm
spr_sonic_walking1              = 9DD8, L: testspritechip_asm
spr_sonic_walking2              = A288, L: testspritechip_asm
spr_sonic_walking3              = A738, L: testspritechip_asm
spr_sonic_walking4              = ABE8, L: testspritechip_asm
spr_sonic_walking5              = B098, L: testspritechip_asm
spr_sonic_walking6              = B548, L: testspritechip_asm
spr_sonic_stopped1              = B9F8, L: testspritechip_asm
spr_sonic_rolling1              = BEA8, L: testspritechip_asm
spr_sonic_rolling2              = C358, L: testspritechip_asm
spr_sonic_rolling3              = C808, L: testspritechip_asm
spr_sonic_rolling4              = CCB8, L: testspritechip_asm
spr_sonic_agachado1             = D168, L: testspritechip_asm
sonic_boss                      = D618, L: testspritechip_asm
ASMTAIL                         = E2A0, G: 
sonic_background                = E2A0, L: testspritechip_asm
